org/restheart/db/DbsDAO.class
org/restheart/utils/LoggingInitializer.class
org/restheart/cache/Cache.class
org/restheart/db/GridFsDAO.class
org/restheart/handlers/applicationlogic/CacheInvalidator.class
org/restheart/hal/UnsupportedDocumentIdException.class
org/restheart/security/handlers/SecurityInitialHandler.class
org/restheart/handlers/IllegalQueryParamenterException.class
org/restheart/handlers/document/GetDocumentHandler.class
org/restheart/security/handlers/CORSHandler$CORSHeaders.class
org/restheart/ConfigurationException.class
org/restheart/security/impl/SimpleAccount.class
org/restheart/security/impl/SimplePrincipal.class
org/restheart/handlers/RequestContext.class
org/restheart/hal/metadata/RequestChecker.class
org/restheart/handlers/document/PatchDocumentHandler.class
org/restheart/handlers/indexes/IndexesRepresentationFactory.class
org/restheart/handlers/RequestContext$DOC_ID_TYPE.class
org/restheart/security/impl/DbIdentityManager.class
org/restheart/utils/FileUtils.class
org/restheart/Configuration.class
org/restheart/security/handlers/AuthenticationConstraintHandler.class
org/restheart/hal/metadata/RepresentationTransformer.class
org/restheart/cache/Cache$EXPIRE_POLICY.class
org/restheart/hal/metadata/singletons/SimpleContentChecker.class
org/restheart/handlers/injectors/BodyInjectorHandler.class
org/restheart/handlers/RequestContext$METHOD.class
org/restheart/handlers/document/DeleteDocumentHandler.class
org/restheart/security/impl/SimpleAccessManager$1.class
org/restheart/db/CollectionDAO.class
org/restheart/handlers/files/GetBucketHandler.class
org/restheart/security/handlers/AccessManagerHandler.class
org/restheart/handlers/PipedHttpHandler.class
org/restheart/handlers/OptionsHandler$1.class
org/restheart/handlers/injectors/LocalCachesSingleton$LocalCachesSingletonHolder.class
org/restheart/handlers/indexes/GetIndexesHandler.class
org/restheart/hal/metadata/singletons/ValidOidsStringsAsOidsTransformer.class
org/restheart/hal/metadata/RepresentationTransformer$SCOPE.class
org/restheart/handlers/collection/PostCollectionHandler.class
org/restheart/security/handlers/IAuthToken.class
org/restheart/hal/AbstractRepresentationFactory.class
org/restheart/handlers/files/DeleteBucketHandler.class
org/restheart/handlers/metadata/AbstractTransformerHandler.class
org/restheart/utils/JsonUtils.class
org/restheart/handlers/collection/GetCollectionHandler.class
org/restheart/handlers/collection/PutCollectionHandler.class
org/restheart/handlers/document/PutDocumentHandler.class
org/restheart/handlers/collection/PatchCollectionHandler.class
org/restheart/handlers/PipedWrappingHandler.class
org/restheart/security/handlers/AuthTokenInjecterHandler.class
org/restheart/Bootstrapper.class
org/restheart/security/handlers/AuthTokenHandler.class
org/restheart/utils/ExecutorServiceSingleton$ExecutorServiceSingletonHolder.class
org/restheart/handlers/files/PostBucketHandler.class
org/restheart/cache/impl/GuavaLoadingCache$1.class
org/restheart/db/Database.class
org/restheart/handlers/metadata/ResponseTranformerMetadataHandler.class
org/restheart/hal/metadata/Relationship$TYPE.class
org/restheart/utils/HttpStatus.class
org/restheart/db/GridFsRepository.class
org/restheart/security/FullAccessManager.class
org/restheart/handlers/RequestContext$TYPE.class
org/restheart/db/MongoDBClientSingleton.class
org/restheart/handlers/metadata/RequestTransformerMetadataHandler.class
org/restheart/hal/metadata/singletons/OidsAsStringsTransformer.class
org/restheart/Bootstrapper$1.class
org/restheart/handlers/files/GetFileHandler.class
org/restheart/handlers/RequestDispacherHandler.class
org/restheart/handlers/collection/CollectionRepresentationFactory.class
org/restheart/security/handlers/SecurityHandlerDispacher.class
org/restheart/handlers/document/DocumentRepresentationFactory.class
org/restheart/db/DBCursorPoolEntryKey.class
org/restheart/hal/metadata/singletons/Transformer.class
org/restheart/handlers/ErrorHandler.class
org/restheart/handlers/GzipEncodingHandler.class
org/restheart/handlers/injectors/CollectionPropsInjectorHandler.class
org/restheart/security/impl/SimpleAccessManager$NotAuthenticatedAccount.class
org/restheart/db/MongoDBClientSingleton$MongoDBClientSingletonHolder.class
org/restheart/security/handlers/HeadersManager.class
org/restheart/security/RestheartIdentityManager.class
org/restheart/db/DBCursorPool$DBCursorPoolSingletonHolder.class
org/restheart/cache/impl/GuavaLoadingCache.class
org/restheart/db/DBCursorPool.class
org/restheart/security/AccessManager.class
org/restheart/security/impl/AuthTokenIdentityManager$1.class
org/restheart/db/DAOUtils.class
org/restheart/hal/Link.class
org/restheart/hal/metadata/singletons/ContentSizeChecker.class
org/restheart/handlers/database/DeleteDBHandler.class
org/restheart/security/handlers/SecurityHandler.class
org/restheart/handlers/root/RootRepresentationFactory.class
org/restheart/handlers/injectors/LocalCachesSingleton$1.class
org/restheart/handlers/indexes/PutIndexHandler.class
org/restheart/handlers/indexes/DeleteIndexHandler.class
org/restheart/hal/metadata/InvalidMetadataException.class
org/restheart/security/AuthTokenAuthenticationMechanism.class
org/restheart/handlers/files/PutBucketHandler.class
org/restheart/hal/HALUtils.class
org/restheart/hal/metadata/Relationship.class
org/restheart/security/impl/SimpleAccessManager.class
org/restheart/handlers/root/GetRootHandler.class
org/restheart/security/impl/AuthTokenIdentityManager.class
org/restheart/db/MongoDBClientSingleton$1.class
org/restheart/handlers/applicationlogic/PingHandler.class
org/restheart/db/OperationResult.class
org/restheart/utils/RequestHelper.class
org/restheart/cache/LoadingCache.class
org/restheart/db/DBCursorPool$EAGER_CURSOR_ALLOCATION_POLICY.class
org/restheart/Shutdowner.class
org/restheart/db/IndexDAO.class
org/restheart/handlers/OptionsHandler.class
org/restheart/db/Repository.class
org/restheart/hal/metadata/RepresentationTransformer$PHASE.class
org/restheart/hal/Representation.class
org/restheart/handlers/injectors/DbPropsInjectorHandler.class
org/restheart/utils/ExecutorServiceSingleton$1.class
org/restheart/handlers/files/PutFileHandler.class
org/restheart/handlers/metadata/CheckMetadataHandler.class
org/restheart/hal/metadata/singletons/NamedSingletonsFactory.class
org/restheart/hal/metadata/singletons/RequestPropsInjecterTransformer.class
org/restheart/handlers/files/DeleteFileHandler.class
org/restheart/utils/URLUtils.class
org/restheart/hal/metadata/singletons/FilterTransformer.class
org/restheart/hal/InvalidHalException.class
org/restheart/utils/ExecutorServiceSingleton.class
org/restheart/security/impl/AuthTokenIdentityManager$SessionTokenIdentityManagerHolder.class
org/restheart/utils/ResourcesExtractor.class
org/restheart/utils/URLUtils$1.class
org/restheart/cache/CacheFactory.class
org/restheart/security/impl/SimpleFileIdentityManager.class
org/restheart/hal/metadata/singletons/Checker.class
org/restheart/handlers/database/GetDBHandler.class
org/restheart/security/impl/AbstractSimpleSecurityManager.class
org/restheart/db/PropsFixer.class
org/restheart/handlers/injectors/LocalCachesSingleton.class
org/restheart/security/handlers/CORSHandler.class
org/restheart/db/DBCursorPool$1.class
org/restheart/handlers/applicationlogic/ApplicationLogicHandler.class
org/restheart/cache/impl/GuavaCache.class
org/restheart/handlers/database/DBRepresentationFactory.class
org/restheart/db/DocumentDAO.class
org/restheart/utils/ChannelReader.class
org/restheart/utils/ResponseHelper.class
org/restheart/utils/ResourcesExtractor$1.class
org/restheart/db/SkippedDBCursor.class
org/restheart/utils/OSChecker.class
org/restheart/handlers/database/PutDBHandler.class
org/restheart/security/handlers/AuthenticationMechanismsHandler.class
org/restheart/security/SilentBasicAuthenticationMechanism.class
org/restheart/handlers/collection/DeleteCollectionHandler.class
org/restheart/hal/metadata/Relationship$ROLE.class
org/restheart/handlers/files/GetFileBinaryHandler.class
org/restheart/security/handlers/AuthenticationCallHandler.class
org/restheart/handlers/injectors/RequestContextInjectorHandler.class
org/restheart/handlers/applicationlogic/GetRoleHandler.class
org/restheart/handlers/database/PatchDBHandler.class
