/Users/abduljewel/Documents/c/spiderqa/restheart-handlers/restheart/src/main/java/org/restheart/utils/LoggingInitializer.java
/Users/abduljewel/Documents/c/spiderqa/restheart-handlers/restheart/src/main/java/org/restheart/security/handlers/IAuthToken.java
/Users/abduljewel/Documents/c/spiderqa/restheart-handlers/restheart/src/main/java/org/restheart/cache/package-info.java
/Users/abduljewel/Documents/c/spiderqa/restheart-handlers/restheart/src/main/java/org/restheart/handlers/database/package-info.java
/Users/abduljewel/Documents/c/spiderqa/restheart-handlers/restheart/src/main/java/org/restheart/handlers/metadata/ResponseTranformerMetadataHandler.java
/Users/abduljewel/Documents/c/spiderqa/restheart-handlers/restheart/src/main/java/org/restheart/handlers/injectors/LocalCachesSingleton.java
/Users/abduljewel/Documents/c/spiderqa/restheart-handlers/restheart/src/main/java/org/restheart/db/Repository.java
/Users/abduljewel/Documents/c/spiderqa/restheart-handlers/restheart/src/main/java/org/restheart/security/impl/DbIdentityManager.java
/Users/abduljewel/Documents/c/spiderqa/restheart-handlers/restheart/src/main/java/org/restheart/handlers/metadata/AbstractTransformerHandler.java
/Users/abduljewel/Documents/c/spiderqa/restheart-handlers/restheart/src/main/java/org/restheart/utils/RequestHelper.java
/Users/abduljewel/Documents/c/spiderqa/restheart-handlers/restheart/src/main/java/org/restheart/hal/InvalidHalException.java
/Users/abduljewel/Documents/c/spiderqa/restheart-handlers/restheart/src/main/java/org/restheart/security/handlers/AuthenticationCallHandler.java
/Users/abduljewel/Documents/c/spiderqa/restheart-handlers/restheart/src/main/java/org/restheart/handlers/RequestDispacherHandler.java
/Users/abduljewel/Documents/c/spiderqa/restheart-handlers/restheart/src/main/java/org/restheart/handlers/files/DeleteFileHandler.java
/Users/abduljewel/Documents/c/spiderqa/restheart-handlers/restheart/src/main/java/org/restheart/handlers/files/PostBucketHandler.java
/Users/abduljewel/Documents/c/spiderqa/restheart-handlers/restheart/src/main/java/org/restheart/handlers/collection/CollectionRepresentationFactory.java
/Users/abduljewel/Documents/c/spiderqa/restheart-handlers/restheart/src/main/java/org/restheart/hal/metadata/singletons/Checker.java
/Users/abduljewel/Documents/c/spiderqa/restheart-handlers/restheart/src/main/java/org/restheart/hal/metadata/Relationship.java
/Users/abduljewel/Documents/c/spiderqa/restheart-handlers/restheart/src/main/java/org/restheart/db/MongoDBClientSingleton.java
/Users/abduljewel/Documents/c/spiderqa/restheart-handlers/restheart/src/main/java/org/restheart/hal/metadata/singletons/NamedSingletonsFactory.java
/Users/abduljewel/Documents/c/spiderqa/restheart-handlers/restheart/src/main/java/org/restheart/security/impl/SimpleFileIdentityManager.java
/Users/abduljewel/Documents/c/spiderqa/restheart-handlers/restheart/src/main/java/org/restheart/hal/metadata/singletons/ValidOidsStringsAsOidsTransformer.java
/Users/abduljewel/Documents/c/spiderqa/restheart-handlers/restheart/src/main/java/org/restheart/Bootstrapper.java
/Users/abduljewel/Documents/c/spiderqa/restheart-handlers/restheart/src/main/java/org/restheart/db/GridFsDAO.java
/Users/abduljewel/Documents/c/spiderqa/restheart-handlers/restheart/src/main/java/org/restheart/handlers/database/PutDBHandler.java
/Users/abduljewel/Documents/c/spiderqa/restheart-handlers/restheart/src/main/java/org/restheart/security/impl/SimpleAccessManager.java
/Users/abduljewel/Documents/c/spiderqa/restheart-handlers/restheart/src/main/java/org/restheart/handlers/applicationlogic/CacheInvalidator.java
/Users/abduljewel/Documents/c/spiderqa/restheart-handlers/restheart/src/main/java/org/restheart/hal/HALUtils.java
/Users/abduljewel/Documents/c/spiderqa/restheart-handlers/restheart/src/main/java/org/restheart/hal/metadata/singletons/Transformer.java
/Users/abduljewel/Documents/c/spiderqa/restheart-handlers/restheart/src/main/java/org/restheart/cache/Cache.java
/Users/abduljewel/Documents/c/spiderqa/restheart-handlers/restheart/src/main/java/org/restheart/handlers/document/PatchDocumentHandler.java
/Users/abduljewel/Documents/c/spiderqa/restheart-handlers/restheart/src/main/java/org/restheart/db/DBCursorPool.java
/Users/abduljewel/Documents/c/spiderqa/restheart-handlers/restheart/src/main/java/org/restheart/handlers/injectors/BodyInjectorHandler.java
/Users/abduljewel/Documents/c/spiderqa/restheart-handlers/restheart/src/main/java/org/restheart/security/handlers/SecurityInitialHandler.java
/Users/abduljewel/Documents/c/spiderqa/restheart-handlers/restheart/src/main/java/org/restheart/security/AccessManager.java
/Users/abduljewel/Documents/c/spiderqa/restheart-handlers/restheart/src/main/java/org/restheart/package-info.java
/Users/abduljewel/Documents/c/spiderqa/restheart-handlers/restheart/src/main/java/org/restheart/db/package-info.java
/Users/abduljewel/Documents/c/spiderqa/restheart-handlers/restheart/src/main/java/org/restheart/hal/AbstractRepresentationFactory.java
/Users/abduljewel/Documents/c/spiderqa/restheart-handlers/restheart/src/main/java/org/restheart/utils/ResponseHelper.java
/Users/abduljewel/Documents/c/spiderqa/restheart-handlers/restheart/src/main/java/org/restheart/security/handlers/AuthenticationConstraintHandler.java
/Users/abduljewel/Documents/c/spiderqa/restheart-handlers/restheart/src/main/java/org/restheart/hal/Representation.java
/Users/abduljewel/Documents/c/spiderqa/restheart-handlers/restheart/src/main/java/org/restheart/handlers/indexes/GetIndexesHandler.java
/Users/abduljewel/Documents/c/spiderqa/restheart-handlers/restheart/src/main/java/org/restheart/handlers/injectors/package-info.java
/Users/abduljewel/Documents/c/spiderqa/restheart-handlers/restheart/src/main/java/org/restheart/handlers/files/PutFileHandler.java
/Users/abduljewel/Documents/c/spiderqa/restheart-handlers/restheart/src/main/java/org/restheart/db/DBCursorPoolEntryKey.java
/Users/abduljewel/Documents/c/spiderqa/restheart-handlers/restheart/src/main/java/org/restheart/Configuration.java
/Users/abduljewel/Documents/c/spiderqa/restheart-handlers/restheart/src/main/java/org/restheart/handlers/root/package-info.java
/Users/abduljewel/Documents/c/spiderqa/restheart-handlers/restheart/src/main/java/org/restheart/security/SilentBasicAuthenticationMechanism.java
/Users/abduljewel/Documents/c/spiderqa/restheart-handlers/restheart/src/main/java/org/restheart/security/FullAccessManager.java
/Users/abduljewel/Documents/c/spiderqa/restheart-handlers/restheart/src/main/java/org/restheart/cache/CacheFactory.java
/Users/abduljewel/Documents/c/spiderqa/restheart-handlers/restheart/src/main/java/org/restheart/hal/metadata/singletons/RequestPropsInjecterTransformer.java
/Users/abduljewel/Documents/c/spiderqa/restheart-handlers/restheart/src/main/java/org/restheart/hal/metadata/RequestChecker.java
/Users/abduljewel/Documents/c/spiderqa/restheart-handlers/restheart/src/main/java/org/restheart/handlers/ErrorHandler.java
/Users/abduljewel/Documents/c/spiderqa/restheart-handlers/restheart/src/main/java/org/restheart/hal/Link.java
/Users/abduljewel/Documents/c/spiderqa/restheart-handlers/restheart/src/main/java/org/restheart/db/CollectionDAO.java
/Users/abduljewel/Documents/c/spiderqa/restheart-handlers/restheart/src/main/java/org/restheart/handlers/indexes/DeleteIndexHandler.java
/Users/abduljewel/Documents/c/spiderqa/restheart-handlers/restheart/src/main/java/org/restheart/security/impl/AbstractSimpleSecurityManager.java
/Users/abduljewel/Documents/c/spiderqa/restheart-handlers/restheart/src/main/java/org/restheart/security/RestheartIdentityManager.java
/Users/abduljewel/Documents/c/spiderqa/restheart-handlers/restheart/src/main/java/org/restheart/security/handlers/AuthenticationMechanismsHandler.java
/Users/abduljewel/Documents/c/spiderqa/restheart-handlers/restheart/src/main/java/org/restheart/handlers/OptionsHandler.java
/Users/abduljewel/Documents/c/spiderqa/restheart-handlers/restheart/src/main/java/org/restheart/handlers/applicationlogic/PingHandler.java
/Users/abduljewel/Documents/c/spiderqa/restheart-handlers/restheart/src/main/java/org/restheart/security/handlers/AccessManagerHandler.java
/Users/abduljewel/Documents/c/spiderqa/restheart-handlers/restheart/src/main/java/org/restheart/security/handlers/AuthTokenHandler.java
/Users/abduljewel/Documents/c/spiderqa/restheart-handlers/restheart/src/main/java/org/restheart/utils/URLUtils.java
/Users/abduljewel/Documents/c/spiderqa/restheart-handlers/restheart/src/main/java/org/restheart/db/Database.java
/Users/abduljewel/Documents/c/spiderqa/restheart-handlers/restheart/src/main/java/org/restheart/hal/metadata/RepresentationTransformer.java
/Users/abduljewel/Documents/c/spiderqa/restheart-handlers/restheart/src/main/java/org/restheart/handlers/collection/PostCollectionHandler.java
/Users/abduljewel/Documents/c/spiderqa/restheart-handlers/restheart/src/main/java/org/restheart/handlers/collection/DeleteCollectionHandler.java
/Users/abduljewel/Documents/c/spiderqa/restheart-handlers/restheart/src/main/java/org/restheart/handlers/files/DeleteBucketHandler.java
/Users/abduljewel/Documents/c/spiderqa/restheart-handlers/restheart/src/main/java/org/restheart/utils/FileUtils.java
/Users/abduljewel/Documents/c/spiderqa/restheart-handlers/restheart/src/main/java/org/restheart/cache/impl/package-info.java
/Users/abduljewel/Documents/c/spiderqa/restheart-handlers/restheart/src/main/java/org/restheart/db/DbsDAO.java
/Users/abduljewel/Documents/c/spiderqa/restheart-handlers/restheart/src/main/java/org/restheart/handlers/database/PatchDBHandler.java
/Users/abduljewel/Documents/c/spiderqa/restheart-handlers/restheart/src/main/java/org/restheart/security/package-info.java
/Users/abduljewel/Documents/c/spiderqa/restheart-handlers/restheart/src/main/java/org/restheart/security/handlers/CORSHandler.java
/Users/abduljewel/Documents/c/spiderqa/restheart-handlers/restheart/src/main/java/org/restheart/handlers/injectors/DbPropsInjectorHandler.java
/Users/abduljewel/Documents/c/spiderqa/restheart-handlers/restheart/src/main/java/org/restheart/hal/metadata/package-info.java
/Users/abduljewel/Documents/c/spiderqa/restheart-handlers/restheart/src/main/java/org/restheart/security/handlers/package-info.java
/Users/abduljewel/Documents/c/spiderqa/restheart-handlers/restheart/src/main/java/org/restheart/security/impl/package-info.java
/Users/abduljewel/Documents/c/spiderqa/restheart-handlers/restheart/src/main/java/org/restheart/handlers/metadata/RequestTransformerMetadataHandler.java
/Users/abduljewel/Documents/c/spiderqa/restheart-handlers/restheart/src/main/java/org/restheart/handlers/files/GetFileBinaryHandler.java
/Users/abduljewel/Documents/c/spiderqa/restheart-handlers/restheart/src/main/java/org/restheart/Shutdowner.java
/Users/abduljewel/Documents/c/spiderqa/restheart-handlers/restheart/src/main/java/org/restheart/utils/package-info.java
/Users/abduljewel/Documents/c/spiderqa/restheart-handlers/restheart/src/main/java/org/restheart/security/handlers/SecurityHandler.java
/Users/abduljewel/Documents/c/spiderqa/restheart-handlers/restheart/src/main/java/org/restheart/handlers/document/DocumentRepresentationFactory.java
/Users/abduljewel/Documents/c/spiderqa/restheart-handlers/restheart/src/main/java/org/restheart/handlers/PipedHttpHandler.java
/Users/abduljewel/Documents/c/spiderqa/restheart-handlers/restheart/src/main/java/org/restheart/hal/UnsupportedDocumentIdException.java
/Users/abduljewel/Documents/c/spiderqa/restheart-handlers/restheart/src/main/java/org/restheart/db/SkippedDBCursor.java
/Users/abduljewel/Documents/c/spiderqa/restheart-handlers/restheart/src/main/java/org/restheart/cache/LoadingCache.java
/Users/abduljewel/Documents/c/spiderqa/restheart-handlers/restheart/src/main/java/org/restheart/security/AuthTokenAuthenticationMechanism.java
/Users/abduljewel/Documents/c/spiderqa/restheart-handlers/restheart/src/main/java/org/restheart/security/impl/AuthTokenIdentityManager.java
/Users/abduljewel/Documents/c/spiderqa/restheart-handlers/restheart/src/main/java/org/restheart/handlers/root/GetRootHandler.java
/Users/abduljewel/Documents/c/spiderqa/restheart-handlers/restheart/src/main/java/org/restheart/security/impl/SimpleAccount.java
/Users/abduljewel/Documents/c/spiderqa/restheart-handlers/restheart/src/main/java/org/restheart/utils/ResourcesExtractor.java
/Users/abduljewel/Documents/c/spiderqa/restheart-handlers/restheart/src/main/java/org/restheart/hal/package-info.java
/Users/abduljewel/Documents/c/spiderqa/restheart-handlers/restheart/src/main/java/org/restheart/handlers/database/DBRepresentationFactory.java
/Users/abduljewel/Documents/c/spiderqa/restheart-handlers/restheart/src/main/java/org/restheart/security/handlers/SecurityHandlerDispacher.java
/Users/abduljewel/Documents/c/spiderqa/restheart-handlers/restheart/src/main/java/org/restheart/security/impl/SimplePrincipal.java
/Users/abduljewel/Documents/c/spiderqa/restheart-handlers/restheart/src/main/java/org/restheart/handlers/applicationlogic/package-info.java
/Users/abduljewel/Documents/c/spiderqa/restheart-handlers/restheart/src/main/java/org/restheart/handlers/database/GetDBHandler.java
/Users/abduljewel/Documents/c/spiderqa/restheart-handlers/restheart/src/main/java/org/restheart/handlers/metadata/CheckMetadataHandler.java
/Users/abduljewel/Documents/c/spiderqa/restheart-handlers/restheart/src/main/java/org/restheart/handlers/collection/PatchCollectionHandler.java
/Users/abduljewel/Documents/c/spiderqa/restheart-handlers/restheart/src/main/java/org/restheart/security/handlers/HeadersManager.java
/Users/abduljewel/Documents/c/spiderqa/restheart-handlers/restheart/src/main/java/org/restheart/handlers/document/PutDocumentHandler.java
/Users/abduljewel/Documents/c/spiderqa/restheart-handlers/restheart/src/main/java/org/restheart/cache/impl/GuavaCache.java
/Users/abduljewel/Documents/c/spiderqa/restheart-handlers/restheart/src/main/java/org/restheart/db/DocumentDAO.java
/Users/abduljewel/Documents/c/spiderqa/restheart-handlers/restheart/src/main/java/org/restheart/utils/ExecutorServiceSingleton.java
/Users/abduljewel/Documents/c/spiderqa/restheart-handlers/restheart/src/main/java/org/restheart/handlers/metadata/package-info.java
/Users/abduljewel/Documents/c/spiderqa/restheart-handlers/restheart/src/main/java/org/restheart/handlers/document/package-info.java
/Users/abduljewel/Documents/c/spiderqa/restheart-handlers/restheart/src/main/java/org/restheart/db/PropsFixer.java
/Users/abduljewel/Documents/c/spiderqa/restheart-handlers/restheart/src/main/java/org/restheart/handlers/indexes/IndexesRepresentationFactory.java
/Users/abduljewel/Documents/c/spiderqa/restheart-handlers/restheart/src/main/java/org/restheart/handlers/RequestContext.java
/Users/abduljewel/Documents/c/spiderqa/restheart-handlers/restheart/src/main/java/org/restheart/utils/JsonUtils.java
/Users/abduljewel/Documents/c/spiderqa/restheart-handlers/restheart/src/main/java/org/restheart/handlers/document/GetDocumentHandler.java
/Users/abduljewel/Documents/c/spiderqa/restheart-handlers/restheart/src/main/java/org/restheart/handlers/indexes/package-info.java
/Users/abduljewel/Documents/c/spiderqa/restheart-handlers/restheart/src/main/java/org/restheart/ConfigurationException.java
/Users/abduljewel/Documents/c/spiderqa/restheart-handlers/restheart/src/main/java/org/restheart/handlers/injectors/CollectionPropsInjectorHandler.java
/Users/abduljewel/Documents/c/spiderqa/restheart-handlers/restheart/src/main/java/org/restheart/security/handlers/AuthTokenInjecterHandler.java
/Users/abduljewel/Documents/c/spiderqa/restheart-handlers/restheart/src/main/java/org/restheart/handlers/collection/PutCollectionHandler.java
/Users/abduljewel/Documents/c/spiderqa/restheart-handlers/restheart/src/main/java/org/restheart/cache/impl/GuavaLoadingCache.java
/Users/abduljewel/Documents/c/spiderqa/restheart-handlers/restheart/src/main/java/org/restheart/handlers/applicationlogic/GetRoleHandler.java
/Users/abduljewel/Documents/c/spiderqa/restheart-handlers/restheart/src/main/java/org/restheart/handlers/files/GetFileHandler.java
/Users/abduljewel/Documents/c/spiderqa/restheart-handlers/restheart/src/main/java/org/restheart/utils/ChannelReader.java
/Users/abduljewel/Documents/c/spiderqa/restheart-handlers/restheart/src/main/java/org/restheart/handlers/collection/GetCollectionHandler.java
/Users/abduljewel/Documents/c/spiderqa/restheart-handlers/restheart/src/main/java/org/restheart/hal/metadata/singletons/SimpleContentChecker.java
/Users/abduljewel/Documents/c/spiderqa/restheart-handlers/restheart/src/main/java/org/restheart/hal/metadata/InvalidMetadataException.java
/Users/abduljewel/Documents/c/spiderqa/restheart-handlers/restheart/src/main/java/org/restheart/handlers/PipedWrappingHandler.java
/Users/abduljewel/Documents/c/spiderqa/restheart-handlers/restheart/src/main/java/org/restheart/handlers/IllegalQueryParamenterException.java
/Users/abduljewel/Documents/c/spiderqa/restheart-handlers/restheart/src/main/java/org/restheart/utils/OSChecker.java
/Users/abduljewel/Documents/c/spiderqa/restheart-handlers/restheart/src/main/java/org/restheart/handlers/root/RootRepresentationFactory.java
/Users/abduljewel/Documents/c/spiderqa/restheart-handlers/restheart/src/main/java/org/restheart/handlers/indexes/PutIndexHandler.java
/Users/abduljewel/Documents/c/spiderqa/restheart-handlers/restheart/src/main/java/org/restheart/db/DAOUtils.java
/Users/abduljewel/Documents/c/spiderqa/restheart-handlers/restheart/src/main/java/org/restheart/hal/metadata/singletons/FilterTransformer.java
/Users/abduljewel/Documents/c/spiderqa/restheart-handlers/restheart/src/main/java/org/restheart/handlers/collection/package-info.java
/Users/abduljewel/Documents/c/spiderqa/restheart-handlers/restheart/src/main/java/org/restheart/hal/metadata/singletons/OidsAsStringsTransformer.java
/Users/abduljewel/Documents/c/spiderqa/restheart-handlers/restheart/src/main/java/org/restheart/handlers/applicationlogic/ApplicationLogicHandler.java
/Users/abduljewel/Documents/c/spiderqa/restheart-handlers/restheart/src/main/java/org/restheart/handlers/document/DeleteDocumentHandler.java
/Users/abduljewel/Documents/c/spiderqa/restheart-handlers/restheart/src/main/java/org/restheart/handlers/GzipEncodingHandler.java
/Users/abduljewel/Documents/c/spiderqa/restheart-handlers/restheart/src/main/java/org/restheart/handlers/files/PutBucketHandler.java
/Users/abduljewel/Documents/c/spiderqa/restheart-handlers/restheart/src/main/java/org/restheart/handlers/database/DeleteDBHandler.java
/Users/abduljewel/Documents/c/spiderqa/restheart-handlers/restheart/src/main/java/org/restheart/db/OperationResult.java
/Users/abduljewel/Documents/c/spiderqa/restheart-handlers/restheart/src/main/java/org/restheart/handlers/injectors/RequestContextInjectorHandler.java
/Users/abduljewel/Documents/c/spiderqa/restheart-handlers/restheart/src/main/java/org/restheart/utils/HttpStatus.java
/Users/abduljewel/Documents/c/spiderqa/restheart-handlers/restheart/src/main/java/org/restheart/db/IndexDAO.java
/Users/abduljewel/Documents/c/spiderqa/restheart-handlers/restheart/src/main/java/org/restheart/handlers/files/GetBucketHandler.java
/Users/abduljewel/Documents/c/spiderqa/restheart-handlers/restheart/src/main/java/org/restheart/handlers/package-info.java
/Users/abduljewel/Documents/c/spiderqa/restheart-handlers/restheart/src/main/java/org/restheart/db/GridFsRepository.java
/Users/abduljewel/Documents/c/spiderqa/restheart-handlers/restheart/src/main/java/org/restheart/hal/metadata/singletons/ContentSizeChecker.java
