org/restheart/test/integration/DeleteDBIT.class
org/restheart/test/integration/PutDocumentIT.class
org/restheart/handlers/RequestDispacherHandlerTest.class
org/restheart/test/integration/SecurityAuthTokenIT$2.class
org/restheart/handlers/RequestContextTest$1.class
org/restheart/test/performance/AbstractPT$1.class
org/restheart/handlers/injectors/CollectionPropsInjectorHandlerTest.class
org/restheart/test/unit/JsonUtilsTest.class
org/restheart/db/GridFsDAOTest$1.class
org/restheart/db/GridFsDAOTest.class
io/undertow/server/HttpServerExchange.class
org/restheart/test/integration/DocIdTypeIT.class
org/restheart/test/integration/GetDBIT.class
org/restheart/test/integration/PostCollectionIT.class
org/restheart/test/integration/AbstactIT.class
org/restheart/test/integration/SecurityAuthTokenIT$3.class
org/restheart/test/integration/PatchDBIT.class
org/restheart/test/performance/SkipTimeTest.class
org/restheart/db/DAOUtilsTest.class
org/restheart/handlers/RequestContextTest.class
org/restheart/test/integration/SecurityIT.class
org/restheart/test/unit/URLUtilisTest.class
org/restheart/test/integration/PatchDocumentIT.class
org/restheart/test/integration/SecurityAuthTokenIT$4.class
org/restheart/test/integration/PatchCollectionIT.class
org/restheart/test/performance/LoadGetPT.class
org/restheart/test/integration/DeleteCollectionIT.class
org/restheart/handlers/files/GetFileHandlerTest.class
org/restheart/test/performance/AbstractPT.class
org/restheart/test/integration/GetRootIT.class
org/restheart/test/unit/URLUtilisTest$1.class
org/restheart/handlers/files/GetFileHandlerTest$1.class
org/restheart/test/unit/JsonUtilsTest$1.class
org/restheart/handlers/files/GetFileHandlerIT.class
org/restheart/test/integration/ContentEncodingIT.class
org/restheart/utils/ResponseHelper.class
org/restheart/handlers/RequestDispacherHandlerTest$1.class
org/restheart/test/integration/SecurityAuthTokenIT$1.class
org/restheart/test/integration/GetCollectionIT.class
org/restheart/test/integration/GetIndexesIT.class
org/restheart/test/performance/LoadPutPT.class
org/restheart/test/integration/DeleteDocumentIT.class
org/restheart/db/DAOUtilsTest$1.class
org/restheart/test/integration/GetDocumentIT.class
org/restheart/test/integration/PutCollectionIT.class
org/restheart/test/integration/PutIndexIT.class
org/restheart/handlers/injectors/CollectionPropsInjectorHandlerTest$1.class
org/restheart/test/integration/AbstactIT$1.class
org/restheart/test/integration/SecurityAuthTokenIT.class
org/restheart/test/integration/PutDBIT.class
