/Users/abduljewel/Documents/c/spiderqa/restheart-handlers/restheart/src/test/java/org/restheart/db/GridFsDAOTest.java
/Users/abduljewel/Documents/c/spiderqa/restheart-handlers/restheart/src/test/java/org/restheart/test/performance/LoadPutPT.java
/Users/abduljewel/Documents/c/spiderqa/restheart-handlers/restheart/src/test/java/org/restheart/test/performance/SkipTimeTest.java
/Users/abduljewel/Documents/c/spiderqa/restheart-handlers/restheart/src/test/java/org/restheart/test/unit/URLUtilisTest.java
/Users/abduljewel/Documents/c/spiderqa/restheart-handlers/restheart/src/test/java/org/restheart/test/integration/GetDocumentIT.java
/Users/abduljewel/Documents/c/spiderqa/restheart-handlers/restheart/src/test/java/org/restheart/utils/ResponseHelper.java
/Users/abduljewel/Documents/c/spiderqa/restheart-handlers/restheart/src/test/java/org/restheart/test/performance/LoadGetPT.java
/Users/abduljewel/Documents/c/spiderqa/restheart-handlers/restheart/src/test/java/org/restheart/test/integration/DeleteCollectionIT.java
/Users/abduljewel/Documents/c/spiderqa/restheart-handlers/restheart/src/test/java/org/restheart/test/integration/GetDBIT.java
/Users/abduljewel/Documents/c/spiderqa/restheart-handlers/restheart/src/test/java/org/restheart/test/integration/SecurityIT.java
/Users/abduljewel/Documents/c/spiderqa/restheart-handlers/restheart/src/test/java/org/restheart/test/integration/PutCollectionIT.java
/Users/abduljewel/Documents/c/spiderqa/restheart-handlers/restheart/src/test/java/org/restheart/test/unit/JsonUtilsTest.java
/Users/abduljewel/Documents/c/spiderqa/restheart-handlers/restheart/src/test/java/org/restheart/handlers/injectors/CollectionPropsInjectorHandlerTest.java
/Users/abduljewel/Documents/c/spiderqa/restheart-handlers/restheart/src/test/java/org/restheart/test/integration/GetIndexesIT.java
/Users/abduljewel/Documents/c/spiderqa/restheart-handlers/restheart/src/test/java/org/restheart/test/integration/PatchCollectionIT.java
/Users/abduljewel/Documents/c/spiderqa/restheart-handlers/restheart/src/test/java/org/restheart/test/integration/ContentEncodingIT.java
/Users/abduljewel/Documents/c/spiderqa/restheart-handlers/restheart/src/test/java/org/restheart/handlers/files/GetFileHandlerIT.java
/Users/abduljewel/Documents/c/spiderqa/restheart-handlers/restheart/src/test/java/org/restheart/test/integration/DeleteDBIT.java
/Users/abduljewel/Documents/c/spiderqa/restheart-handlers/restheart/src/test/java/org/restheart/test/integration/DocIdTypeIT.java
/Users/abduljewel/Documents/c/spiderqa/restheart-handlers/restheart/src/test/java/org/restheart/test/integration/GetCollectionIT.java
/Users/abduljewel/Documents/c/spiderqa/restheart-handlers/restheart/src/test/java/org/restheart/test/integration/AbstactIT.java
/Users/abduljewel/Documents/c/spiderqa/restheart-handlers/restheart/src/test/java/io/undertow/server/HttpServerExchange.java
/Users/abduljewel/Documents/c/spiderqa/restheart-handlers/restheart/src/test/java/org/restheart/test/integration/PostCollectionIT.java
/Users/abduljewel/Documents/c/spiderqa/restheart-handlers/restheart/src/test/java/org/restheart/test/integration/PatchDocumentIT.java
/Users/abduljewel/Documents/c/spiderqa/restheart-handlers/restheart/src/test/java/org/restheart/test/integration/PutDocumentIT.java
/Users/abduljewel/Documents/c/spiderqa/restheart-handlers/restheart/src/test/java/org/restheart/test/performance/AbstractPT.java
/Users/abduljewel/Documents/c/spiderqa/restheart-handlers/restheart/src/test/java/org/restheart/test/integration/SecurityAuthTokenIT.java
/Users/abduljewel/Documents/c/spiderqa/restheart-handlers/restheart/src/test/java/org/restheart/handlers/RequestDispacherHandlerTest.java
/Users/abduljewel/Documents/c/spiderqa/restheart-handlers/restheart/src/test/java/org/restheart/test/integration/GetRootIT.java
/Users/abduljewel/Documents/c/spiderqa/restheart-handlers/restheart/src/test/java/org/restheart/test/integration/PatchDBIT.java
/Users/abduljewel/Documents/c/spiderqa/restheart-handlers/restheart/src/test/java/org/restheart/db/DAOUtilsTest.java
/Users/abduljewel/Documents/c/spiderqa/restheart-handlers/restheart/src/test/java/org/restheart/handlers/files/GetFileHandlerTest.java
/Users/abduljewel/Documents/c/spiderqa/restheart-handlers/restheart/src/test/java/org/restheart/test/integration/PutDBIT.java
/Users/abduljewel/Documents/c/spiderqa/restheart-handlers/restheart/src/test/java/org/restheart/handlers/RequestContextTest.java
/Users/abduljewel/Documents/c/spiderqa/restheart-handlers/restheart/src/test/java/org/restheart/test/integration/DeleteDocumentIT.java
/Users/abduljewel/Documents/c/spiderqa/restheart-handlers/restheart/src/test/java/org/restheart/test/integration/PutIndexIT.java
